// Jest Snapshot v1, https://goo.gl/fbAQLP

exports[`Home page Matchs   the snapshot 1`] = `
<div
  class="MuiGrid-root makeStyles-root-16 MuiGrid-container MuiGrid-direction-xs-column MuiGrid-align-items-xs-center MuiGrid-align-content-xs-center"
  data-testid="Home"
>
  <div
    class="MuiGrid-root MuiGrid-item"
  >
    <div
      class="MuiBox-root MuiBox-root-18"
    >
      <svg
        data-testid="climate-mind-logo"
      >
        cm-logo-home.svg
      </svg>
    </div>
  </div>
  <div
    class="MuiGrid-root MuiGrid-item"
  >
    <div
      class="MuiBox-root MuiBox-root-19"
    >
      <h4
        class="MuiTypography-root makeStyles-typography-17 MuiTypography-h4 MuiTypography-alignCenter"
      >
        Powering climate conversations
      </h4>
    </div>
  </div>
  <div
    class="MuiGrid-root MuiGrid-item MuiGrid-grid-xs-12"
  >
    <div
      class="MuiBox-root MuiBox-root-20"
    >
      <button
        class="MuiButtonBase-root MuiButton-root MuiButton-contained MuiButton-containedPrimary MuiButton-disableElevation"
        tabindex="0"
        type="button"
      >
        <span
          class="MuiButton-label"
        >
          Get Started
        </span>
        <span
          class="MuiTouchRipple-root"
        />
      </button>
    </div>
  </div>
</div>
`;
